../Core/Src/main.c:119:5:main	32	static
../Core/Src/main.c:258:6:SystemClock_Config	88	static
../Core/Src/main.c:305:13:MX_ADC1_Init	56	static
../Core/Src/main.c:382:13:MX_LPUART1_UART_Init	8	static
../Core/Src/main.c:429:13:MX_TIM1_Init	120	static
../Core/Src/main.c:515:13:MX_TIM2_Init	40	static
../Core/Src/main.c:560:13:MX_TIM3_Init	40	static
../Core/Src/main.c:605:13:MX_TIM4_Init	64	static
../Core/Src/main.c:669:13:MX_TIM5_Init	56	static
../Core/Src/main.c:716:13:MX_DMA_Init	16	static
../Core/Src/main.c:735:13:MX_GPIO_Init	48	static
../Core/Src/main.c:782:6:HAL_GPIO_EXTI_Callback	16	static
../Core/Src/main.c:793:6:HAL_TIM_PeriodElapsedCallback	16	static
../Core/Src/main.c:844:6:DriveF	4	static
../Core/Src/main.c:852:6:DriveC	4	static
../Core/Src/main.c:864:6:Error_Handler	4	static,ignoring_inline_asm
