../Core/Src/main.c:116:5:main	40	static
../Core/Src/main.c:225:6:SystemClock_Config	88	static
../Core/Src/main.c:272:13:MX_ADC1_Init	56	static
../Core/Src/main.c:349:13:MX_LPUART1_UART_Init	8	static
../Core/Src/main.c:396:13:MX_TIM1_Init	120	static
../Core/Src/main.c:478:13:MX_TIM2_Init	40	static
../Core/Src/main.c:523:13:MX_TIM3_Init	40	static
../Core/Src/main.c:568:13:MX_TIM4_Init	64	static
../Core/Src/main.c:627:13:MX_TIM5_Init	56	static
../Core/Src/main.c:674:13:MX_DMA_Init	16	static
../Core/Src/main.c:693:13:MX_GPIO_Init	48	static
../Core/Src/main.c:740:6:HAL_TIM_PeriodElapsedCallback	16	static
../Core/Src/main.c:793:6:Error_Handler	4	static,ignoring_inline_asm
