../Core/Src/main.c:109:5:main	16	static
../Core/Src/main.c:181:6:SystemClock_Config	88	static
../Core/Src/main.c:228:13:MX_ADC1_Init	56	static
../Core/Src/main.c:296:13:MX_DAC1_Init	56	static
../Core/Src/main.c:343:13:MX_LPUART1_UART_Init	8	static
../Core/Src/main.c:390:13:MX_USART1_UART_Init	8	static
../Core/Src/main.c:438:13:MX_GPIO_Init	48	static
../Core/Src/main.c:475:6:ADC_Read_blocking	8	static
../Core/Src/main.c:485:6:DAC_Update	8	static
../Core/Src/main.c:495:6:Error_Handler	4	static,ignoring_inline_asm
