../Core/Src/main.c:79:5:main	8	static
../Core/Src/main.c:138:6:SystemClock_Config	88	static
../Core/Src/main.c:185:13:MX_LPUART1_UART_Init	8	static
../Core/Src/main.c:230:13:MX_DMA_Init	16	static
../Core/Src/main.c:252:13:MX_GPIO_Init	48	static
../Core/Src/main.c:289:6:Wordle	16	static
../Core/Src/main.c:335:6:UARTPollingMethod	16	static
../Core/Src/main.c:362:6:DummyTask	8	static
../Core/Src/main.c:371:6:UARTInterruptConfig	4	static
../Core/Src/main.c:375:6:UARTDMAConfig	8	static
../Core/Src/main.c:379:6:HAL_UART_RxCpltCallback	16	static
../Core/Src/main.c:400:6:Error_Handler	4	static,ignoring_inline_asm
