../Core/Src/main.c:102:5:main	8	static
../Core/Src/main.c:180:6:SystemClock_Config	88	static
../Core/Src/main.c:227:13:MX_LPUART1_UART_Init	8	static
../Core/Src/main.c:274:13:MX_SPI3_Init	8	static
../Core/Src/main.c:314:13:MX_TIM2_Init	40	static
../Core/Src/main.c:357:13:MX_DMA_Init	16	static
../Core/Src/main.c:379:13:MX_GPIO_Init	48	static
../Core/Src/main.c:429:6:SPI_FirstSetup	8	static
../Core/Src/main.c:438:6:SPI_Worker	8	static
../Core/Src/main.c:452:6:HAL_SPI_TxRxCpltCallback	16	static
../Core/Src/main.c:456:6:ButtonRead	4	static
../Core/Src/main.c:477:6:Wordle	16	static
../Core/Src/main.c:532:6:UARTPollingMethod	16	static
../Core/Src/main.c:566:6:HAL_TIM_PeriodElapsedCallback	16	static
../Core/Src/main.c:597:6:Error_Handler	4	static,ignoring_inline_asm
