../Core/Src/stm32g4xx_it.c:73:6:NMI_Handler	4	static
../Core/Src/stm32g4xx_it.c:88:6:HardFault_Handler	4	static
../Core/Src/stm32g4xx_it.c:103:6:MemManage_Handler	4	static
../Core/Src/stm32g4xx_it.c:118:6:BusFault_Handler	4	static
../Core/Src/stm32g4xx_it.c:133:6:UsageFault_Handler	4	static
../Core/Src/stm32g4xx_it.c:148:6:SVC_Handler	4	static
../Core/Src/stm32g4xx_it.c:161:6:DebugMon_Handler	4	static
../Core/Src/stm32g4xx_it.c:174:6:PendSV_Handler	4	static
../Core/Src/stm32g4xx_it.c:187:6:SysTick_Handler	8	static
../Core/Src/stm32g4xx_it.c:208:6:EXTI2_IRQHandler	8	static
../Core/Src/stm32g4xx_it.c:222:6:EXTI4_IRQHandler	8	static
../Core/Src/stm32g4xx_it.c:236:6:ADC1_2_IRQHandler	8	static
../Core/Src/stm32g4xx_it.c:250:6:USB_HP_IRQHandler	8	static
../Core/Src/stm32g4xx_it.c:264:6:EXTI9_5_IRQHandler	8	static
../Core/Src/stm32g4xx_it.c:278:6:TIM3_IRQHandler	8	static
../Core/Src/stm32g4xx_it.c:292:6:USART3_IRQHandler	8	static
../Core/Src/stm32g4xx_it.c:306:6:EXTI15_10_IRQHandler	8	static
../Core/Src/stm32g4xx_it.c:321:6:HRTIM1_Master_IRQHandler	8	static
../Core/Src/stm32g4xx_it.c:335:6:HRTIM1_TIMF_IRQHandler	8	static
