21:42:06 **** Incremental Build of configuration Debug for project Elec Lab2 ****
make -j16 all 
arm-none-eabi-gcc "../Core/Src/main.c" -mcpu=cortex-m4 -std=gnu11 -g3 -DDEBUG -DUSE_HAL_DRIVER -DSTM32G474xx -c -I../Core/Inc -I../Drivers/STM32G4xx_HAL_Driver/Inc -I../Drivers/STM32G4xx_HAL_Driver/Inc/Legacy -I../Drivers/CMSIS/Device/ST/STM32G4xx/Include -I../Drivers/CMSIS/Include -I../Middlewares/Third_Party/ARM_CMSIS/CMSIS/Core/Include/ -I../Middlewares/Third_Party/ARM_CMSIS/PrivateInclude/ -I../Middlewares/Third_Party/ARM_CMSIS/Include/ -I../Middlewares/Third_Party/ARM_CMSIS/Include -I"C:/Users/iffar/Downloads/Lab Control/control-lab2/Elec Lab2/Source/BasicMathFunctions" -I"C:/Users/iffar/Downloads/Lab Control/control-lab2/Elec Lab2/Source/BayesFunctions" -I"C:/Users/iffar/Downloads/Lab Control/control-lab2/Elec Lab2/Source/CommonTables" -I"C:/Users/iffar/Downloads/Lab Control/control-lab2/Elec Lab2/Source/ComplexMathFunctions" -I"C:/Users/iffar/Downloads/Lab Control/control-lab2/Elec Lab2/Source/ControllerFunctions" -I"C:/Users/iffar/Downloads/Lab Control/control-lab2/Elec Lab2/Source/DistanceFunctions" -I"C:/Users/iffar/Downloads/Lab Control/control-lab2/Elec Lab2/Source/FastMathFunctions" -I"C:/Users/iffar/Downloads/Lab Control/control-lab2/Elec Lab2/Source/FilteringFunctions" -I"C:/Users/iffar/Downloads/Lab Control/control-lab2/Elec Lab2/Source/InterpolationFunctions" -I"C:/Users/iffar/Downloads/Lab Control/control-lab2/Elec Lab2/Source/MatrixFunctions" -I"C:/Users/iffar/Downloads/Lab Control/control-lab2/Elec Lab2/Source/QuaternionMathFunctions" -I"C:/Users/iffar/Downloads/Lab Control/control-lab2/Elec Lab2/Source/StatisticsFunctions" -I"C:/Users/iffar/Downloads/Lab Control/control-lab2/Elec Lab2/Source/SupportFunctions" -I"C:/Users/iffar/Downloads/Lab Control/control-lab2/Elec Lab2/Source/SVMFunctions" -I"C:/Users/iffar/Downloads/Lab Control/control-lab2/Elec Lab2/Source/TransformFunctions" -I"C:/Users/iffar/Downloads/Lab Control/control-lab2/Elec Lab2/Source/WindowFunctions" -O0 -ffunction-sections -fdata-sections -Wall -fstack-usage -fcyclomatic-complexity -MMD -MP -MF"Core/Src/main.d" -MT"Core/Src/main.o" --specs=nano.specs -mfpu=fpv4-sp-d16 -mfloat-abi=hard -mthumb -o "Core/Src/main.o"
../Core/Src/main.c: In function 'main':
../Core/Src/main.c:133:29: warning: passing argument 2 of 'HAL_ADC_Start_DMA' from incompatible pointer type [-Wincompatible-pointer-types]
  133 |   HAL_ADC_Start_DMA(&hadc1, ADC_RawRead, 200);
      |                             ^~~~~~~~~~~
      |                             |
      |                             uint16_t * {aka short unsigned int *}
In file included from ../Core/Inc/stm32g4xx_hal_conf.h:228,
                 from ../Drivers/STM32G4xx_HAL_Driver/Inc/stm32g4xx_hal.h:29,
                 from ../Core/Inc/main.h:30,
                 from ../Core/Src/main.c:20:
../Drivers/STM32G4xx_HAL_Driver/Inc/stm32g4xx_hal_adc.h:2242:78: note: expected 'uint32_t *' {aka 'long unsigned int *'} but argument is of type 'uint16_t *' {aka 'short unsigned int *'}
 2242 | HAL_StatusTypeDef       HAL_ADC_Start_DMA(ADC_HandleTypeDef *hadc, uint32_t *pData, uint32_t Length);
      |                                                                    ~~~~~~~~~~^~~~~
arm-none-eabi-gcc -o "Elec Lab2.elf" @"objects.list"   -mcpu=cortex-m4 -T"C:\Users\iffar\Downloads\Lab Control\control-lab2\Elec Lab2\STM32G474RETX_FLASH.ld" --specs=nosys.specs -Wl,-Map="Elec Lab2.map" -Wl,--gc-sections -static --specs=nano.specs -mfpu=fpv4-sp-d16 -mfloat-abi=hard -mthumb -Wl,--start-group -lc -lm -Wl,--end-group
C:/ST/STM32CubeIDE_1.13.2/STM32CubeIDE/plugins/com.st.stm32cube.ide.mcu.externaltools.gnu-tools-for-stm32.12.3.rel1.win32_1.0.100.202403111256/tools/bin/../lib/gcc/arm-none-eabi/12.3.1/../../../../arm-none-eabi/bin/ld.exe: warning: Elec Lab2.elf has a LOAD segment with RWX permissions
Finished building target: Elec Lab2.elf
 
arm-none-eabi-size  Elec\ Lab2.elf 
arm-none-eabi-objdump -h -S Elec\ Lab2.elf  > "Elec Lab2.list"
   text	   data	    bss	    dec	    hex	filename
  30496	     20	   2788	  33304	   8218	Elec Lab2.elf
Finished building: default.size.stdout
 
Finished building: Elec Lab2.list
 

21:42:07 Build Finished. 0 errors, 2 warnings. (took 1s.468ms)

