14:07:44 **** Incremental Build of configuration Debug for project MODBUS2024ALT ****
make -j16 all 
arm-none-eabi-gcc "../Core/Src/main.c" -mcpu=cortex-m4 -std=gnu11 -g3 -DDEBUG -DUSE_HAL_DRIVER -DSTM32G474xx -c -I../Core/Inc -I../Drivers/STM32G4xx_HAL_Driver/Inc -I../Drivers/STM32G4xx_HAL_Driver/Inc/Legacy -I../Drivers/CMSIS/Device/ST/STM32G4xx/Include -I../Drivers/CMSIS/Include -O0 -ffunction-sections -fdata-sections -Wall -fstack-usage -fcyclomatic-complexity -MMD -MP -MF"Core/Src/main.d" -MT"Core/Src/main.o" --specs=nano.specs -mfpu=fpv4-sp-d16 -mfloat-abi=hard -mthumb -o "Core/Src/main.o"
arm-none-eabi-gcc -o "MODBUS2024ALT.elf" @"objects.list"   -mcpu=cortex-m4 -T"C:\Users\iffar\Downloads\ModbusDemo2024\MODBUS2024ALT\STM32G474RETX_FLASH.ld" --specs=nosys.specs -Wl,-Map="MODBUS2024ALT.map" -Wl,--gc-sections -static --specs=nano.specs -mfpu=fpv4-sp-d16 -mfloat-abi=hard -mthumb -Wl,--start-group -lc -lm -Wl,--end-group
C:/ST/STM32CubeIDE_1.13.2/STM32CubeIDE/plugins/com.st.stm32cube.ide.mcu.externaltools.gnu-tools-for-stm32.12.3.rel1.win32_1.0.100.202403111256/tools/bin/../lib/gcc/arm-none-eabi/12.3.1/../../../../arm-none-eabi/bin/ld.exe: warning: MODBUS2024ALT.elf has a LOAD segment with RWX permissions
Finished building target: MODBUS2024ALT.elf
 
arm-none-eabi-size  MODBUS2024ALT.elf 
arm-none-eabi-objdump -h -S MODBUS2024ALT.elf  > "MODBUS2024ALT.list"
   text	   data	    bss	    dec	    hex	filename
  25344	    532	   4068	  29944	   74f8	MODBUS2024ALT.elf
Finished building: default.size.stdout
 
Finished building: MODBUS2024ALT.list
 

14:07:46 Build Finished. 0 errors, 1 warnings. (took 1s.694ms)

