12:07:14 **** Incremental Build of configuration Debug for project pretest1 ****
make -j16 all 
arm-none-eabi-gcc "../Core/Src/main.c" -mcpu=cortex-m4 -std=gnu11 -g3 -DDEBUG -DUSE_FULL_LL_DRIVER -DUSE_HAL_DRIVER -DSTM32G474xx -c -I../Core/Inc -I../Drivers/STM32G4xx_HAL_Driver/Inc -I../Drivers/STM32G4xx_HAL_Driver/Inc/Legacy -I../Drivers/CMSIS/Device/ST/STM32G4xx/Include -I../Drivers/CMSIS/Include -O0 -ffunction-sections -fdata-sections -Wall -fstack-usage -fcyclomatic-complexity -MMD -MP -MF"Core/Src/main.d" -MT"Core/Src/main.o" --specs=nano.specs -mfpu=fpv4-sp-d16 -mfloat-abi=hard -mthumb -o "Core/Src/main.o"
arm-none-eabi-gcc -o "pretest1.elf" @"objects.list"   -mcpu=cortex-m4 -T"C:\Users\iffar\Downloads\Lab Control\control-lab2\pretest1\STM32G474RETX_FLASH.ld" --specs=nosys.specs -Wl,-Map="pretest1.map" -Wl,--gc-sections -static --specs=nano.specs -mfpu=fpv4-sp-d16 -mfloat-abi=hard -mthumb -Wl,--start-group -lc -lm -Wl,--end-group
Finished building target: pretest1.elf
 
arm-none-eabi-size  pretest1.elf 
arm-none-eabi-objdump -h -S pretest1.elf  > "pretest1.list"
   text	   data	    bss	    dec	    hex	filename
  47828	     12	   3092	  50932	   c6f4	pretest1.elf
Finished building: default.size.stdout
 
Finished building: pretest1.list
 

12:07:15 Build Finished. 0 errors, 0 warnings. (took 1s.237ms)

