00:14:41 **** Build of configuration Debug for project X ****
make -j16 all 
arm-none-eabi-gcc "../Core/Src/main.c" -mcpu=cortex-m4 -std=gnu11 -g3 -DDEBUG -DUSE_HAL_DRIVER -DSTM32G474xx -c -I../Core/Inc -I../Drivers/STM32G4xx_HAL_Driver/Inc -I../Drivers/STM32G4xx_HAL_Driver/Inc/Legacy -I../Drivers/CMSIS/Device/ST/STM32G4xx/Include -I../Drivers/CMSIS/Include -O0 -ffunction-sections -fdata-sections -Wall -fstack-usage -fcyclomatic-complexity -MMD -MP -MF"Core/Src/main.d" -MT"Core/Src/main.o" --specs=nano.specs -mfpu=fpv4-sp-d16 -mfloat-abi=hard -mthumb -o "Core/Src/main.o"
arm-none-eabi-gcc -o "X.elf" @"objects.list"   -mcpu=cortex-m4 -T"C:\Users\iffar\Downloads\Lab Control\control-lab2\X\STM32G474RETX_FLASH.ld" --specs=nosys.specs -Wl,-Map="X.map" -Wl,--gc-sections -static --specs=nano.specs -mfpu=fpv4-sp-d16 -mfloat-abi=hard -mthumb -Wl,--start-group -lc -lm -Wl,--end-group
Finished building target: X.elf
 
arm-none-eabi-size  X.elf 
arm-none-eabi-objdump -h -S X.elf  > "X.list"
   text	   data	    bss	    dec	    hex	filename
  17096	     92	   2252	  19440	   4bf0	X.elf
Finished building: default.size.stdout
 
Finished building: X.list
 

00:14:42 Build Finished. 0 errors, 0 warnings. (took 1s.534ms)

